0.000: Initialise model:
{   'arrival_dist': '<sim_tools.distributions.Exponential>',
    'consult_dist': '<sim_tools.distributions.Exponential>',
    'doctor': '<simpy.resources.resource.Resource>',
    'env': '<simpy.core.Environment>',
    'logger': '<__main__.SimLogger>',
    'param': '<__main__.Parameters>',
    'patients': [],
    'run_number': 0}
0.000: Parameters:
{   'consultation_time': 10,
    'file_path': 'logs_resources/python_log_example.log',
    'interarrival_time': 5,
    'log_to_console': False,
    'log_to_file': True,
    'number_of_doctors': 3,
    'run_length': 50}
16.468: Patient 1 arrives.
16.468: Patient 1 starts consultation.
20.283: Patient 2 arrives.
20.283: Patient 2 starts consultation.
26.545: Patient 3 arrives.
26.545: Patient 3 starts consultation.
27.675: Patient 4 arrives.
27.675: Patient 4 starts consultation.
28.779: Patient 5 arrives.
28.779: Patient 5 starts consultation.
37.778: Patient 6 arrives.
37.778: Patient 6 starts consultation.
38.108: Patient 7 arrives.
38.108: Patient 7 starts consultation.
42.611: Patient 8 arrives.
44.088: Patient 9 arrives.
47.598: Patient 8 starts consultation.
