0: Parameters0: interarrival_time=5;
 consultation_time=10;
 number_of_doctors=3;
 run_length=50;
 log_to_console=FALSE;
 log_to_file=TRUE;
 file_path=logs_resources/r_log_example.log
3.77591: patient0: 🚶 Arrives.
3.77591: patient0: 🩺 Doctor consultation begins (length: 11.81643)
4.50444: patient1: 🚶 Arrives.
4.50444: patient1: 🩺 Doctor consultation begins (length: 1.39795)
5.9024: patient1: 🚪 Leaves.
6.68479: patient2: 🚶 Arrives.
6.68479: patient2: 🩺 Doctor consultation begins (length: 28.94969)
12.8326: patient3: 🚶 Arrives.
12.8326: patient3: 🩺 Doctor consultation begins (length: 5.39683)
15.5923: patient0: 🚪 Leaves.
17.6154: patient4: 🚶 Arrives.
17.6154: patient4: 🩺 Doctor consultation begins (length: 1.47046)
18.2294: patient3: 🚪 Leaves.
19.0859: patient4: 🚪 Leaves.
24.5691: patient5: 🚶 Arrives.
24.5691: patient5: 🩺 Doctor consultation begins (length: 7.6203)
30.7571: patient6: 🚶 Arrives.
30.7571: patient6: 🩺 Doctor consultation begins (length: 44.23934)
32.1894: patient5: 🚪 Leaves.
35.6345: patient2: 🚪 Leaves.
36.0298: patient7: 🚶 Arrives.
36.0298: patient7: 🩺 Doctor consultation begins (length: 10.35244)
45.41: patient8: 🚶 Arrives.
45.41: patient8: 🩺 Doctor consultation begins (length: 6.54747)
46.3823: patient7: 🚪 Leaves.
47.0947: patient9: 🚶 Arrives.
47.0947: patient9: 🩺 Doctor consultation begins (length: 5.8848)
